<?xml version="1.0" encoding="UTF-8"?>
<testsuites name="jest tests" tests="2" failures="0" errors="0" time="0.948">
  <testsuite name="Server Tests" errors="0" failures="0" skipped="0" timestamp="2024-08-26T18:24:17" time="0.907" tests="2">
    <testcase classname="Server Tests GET / should return 200 OK and welcome message" name="Server Tests GET / should return 200 OK and welcome message" time="0.013">
    </testcase>
    <testcase classname="Server Tests GET /nonexistent should return 404 Not Found" name="Server Tests GET /nonexistent should return 404 Not Found" time="0.002">
    </testcase>
  </testsuite>
</testsuites>